// Jest Snapshot v1, https://goo.gl/fbAQLP

exports[`Prueba del componente <AppRouter /> Debe mostrar el login sino esta autenticado 1`] = `
<div>
  <div
    className="container mt-5 w-50 border border-dark rounded p-5 align-middle"
  >
    <form
      action="/examples/actions/confirmation.php"
      method="post"
    >
      <div
        className="form-group"
      >
        <label
          htmlFor="inputEmail"
        >
          Email
        </label>
        <input
          className="form-control"
          id="inputEmail"
          placeholder="Email"
          required={true}
          type="email"
        />
      </div>
      <div
        className="form-group"
      >
        <label
          htmlFor="inputPassword"
        >
          Password
        </label>
        <input
          className="form-control"
          id="inputPassword"
          placeholder="Password"
          required={true}
          type="password"
        />
      </div>
      <div
        className="checkbox"
      >
        <label>
          <input
            type="checkbox"
          />
           Remember me
        </label>
      </div>
      <button
        className="btn btn-primary"
        onClick={[Function]}
        type="submit"
      >
        Login
      </button>
    </form>
  </div>
</div>
`;
